20: [00:00:47.746][D][jieli/ble] H2_JIELI_BLE_CONNECT subevent=1 status=0 interval=24 latency=0 timeout=72
60: [00:00:48.358][Info]: [LL_S]Slave Recv - LL_PHY_UPDATE_IND
73: [00:00:48.973][D][jieli/ble] H2_JIELI_BLE_DISCONNECT handle=80 reason=19
133: [00:00:50.018][D][jieli/ble] H2_JIELI_BLE_CONNECT subevent=1 status=0 interval=24 latency=0 timeout=72
173: [00:00:50.638][Info]: [LL_S]Slave Recv - LL_PHY_UPDATE_IND
186: [00:00:51.088][D][jieli/ble] H2_JIELI_BLE_DISCONNECT handle=80 reason=19
240: [00:00:52.144][D][jieli/ble] H2_JIELI_BLE_CONNECT subevent=1 status=0 interval=24 latency=0 timeout=72
281: [00:00:52.768][Info]: [LL_S]Slave Recv - LL_PHY_UPDATE_IND
294: [00:00:53.398][D][jieli/ble] H2_JIELI_BLE_DISCONNECT handle=80 reason=19
355: [00:00:54.443][D][jieli/ble] H2_JIELI_BLE_CONNECT subevent=1 status=0 interval=24 latency=0 timeout=72
388: [00:00:55.070][Info]: [LL_S]Slave Recv - LL_PHY_UPDATE_IND
411: [00:00:55.813][D][jieli/ble] H2_JIELI_BLE_DISCONNECT handle=80 reason=19
471: [00:00:57.190][D][jieli/ble] H2_JIELI_BLE_CONNECT subevent=1 status=0 interval=24 latency=0 timeout=72
512: [00:00:57.808][Info]: [LL_S]Slave Recv - LL_PHY_UPDATE_IND
690: [00:01:25.533][D][jieli/ble] H2_JIELI_BLE_DISCONNECT handle=80 reason=19
753: [00:01:26.596][D][jieli/ble] H2_JIELI_BLE_CONNECT subevent=1 status=0 interval=24 latency=0 timeout=72
793: [00:01:27.228][Info]: [LL_S]Slave Recv - LL_PHY_UPDATE_IND
806: [00:01:27.908][D][jieli/ble] H2_JIELI_BLE_DISCONNECT handle=80 reason=22
864: [00:01:29.163][D][jieli/ble] H2_JIELI_BLE_CONNECT subevent=1 status=0 interval=24 latency=0 timeout=72
905: [00:01:29.798][Info]: [LL_S]Slave Recv - LL_PHY_UPDATE_IND
1083: [00:01:58.578][D][jieli/ble] H2_JIELI_BLE_DISCONNECT handle=80 reason=19
1148: [00:02:00.253][D][jieli/ble] H2_JIELI_BLE_CONNECT subevent=1 status=0 interval=24 latency=0 timeout=72
1174: H2_JIELI_REBOOT_EXECUTE reset=core
1181: H2_JIELI_BOOT_INFO result=0 base=0x4020 bytes=929853 version=2 logical=1
1183: H2_JIELI_TRIAL_ROLLBACK app_bootable=0 action=command-mode
1195: H2_JIELI_STARTUP_EVENT event=1 code=0
1644: H2_JIELI_UPDATE_WRITE_DONE expected=868201 native=868201 result=0
1652: H2_JIELI_STARTUP_EVENT event=3 code=0
1665: H2_JIELI_REBOOT_EXECUTE reset=core
1707: JIELI_APP_CONFIRM result=OK code=0 display=0 transport=0
2010: [00:00:02.509][D][jieli/ble] H2_JIELI_BLE_CONNECT subevent=1 status=0 interval=24 latency=0 timeout=72
2054: [00:00:03.133][Info]: [LL_S]Slave Recv - LL_PHY_UPDATE_IND
2066: [00:00:03.569][D][jieli/ble] H2_JIELI_BLE_DISCONNECT handle=80 reason=19
2119: [00:00:05.029][D][jieli/ble] H2_JIELI_BLE_CONNECT subevent=1 status=0 interval=24 latency=0 timeout=72
2158: [00:00:05.653][Info]: [LL_S]Slave Recv - LL_PHY_UPDATE_IND
2170: [00:00:06.194][D][jieli/ble] H2_JIELI_BLE_DISCONNECT handle=80 reason=19
2229: [00:00:08.390][D][jieli/ble] H2_JIELI_BLE_CONNECT subevent=1 status=0 interval=24 latency=0 timeout=72
2268: [00:00:09.013][Info]: [LL_S]Slave Recv - LL_PHY_UPDATE_IND
2280: [00:00:09.434][D][jieli/ble] H2_JIELI_BLE_DISCONNECT handle=80 reason=19
2333: [00:00:11.425][D][jieli/ble] H2_JIELI_BLE_CONNECT subevent=1 status=0 interval=24 latency=0 timeout=72
2373: [00:00:12.043][Info]: [LL_S]Slave Recv - LL_PHY_UPDATE_IND
2385: [00:00:12.614][D][jieli/ble] H2_JIELI_BLE_DISCONNECT handle=80 reason=19
2445: [00:00:13.669][D][jieli/ble] H2_JIELI_BLE_CONNECT subevent=1 status=0 interval=24 latency=0 timeout=72
2484: [00:00:14.293][Info]: [LL_S]Slave Recv - LL_PHY_UPDATE_IND
2496: [00:00:14.879][D][jieli/ble] H2_JIELI_BLE_DISCONNECT handle=80 reason=19
2555: [00:00:17.393][D][jieli/ble] H2_JIELI_BLE_CONNECT subevent=1 status=0 interval=24 latency=0 timeout=72
2587: [00:00:18.021][Info]: [LL_S]Slave Recv - LL_PHY_UPDATE_IND
2607: [00:00:18.719][D][jieli/ble] H2_JIELI_BLE_DISCONNECT handle=80 reason=22
2665: [00:00:20.515][D][jieli/ble] H2_JIELI_BLE_CONNECT subevent=1 status=0 interval=24 latency=0 timeout=72
2697: [00:00:21.126][Info]: [LL_S]Slave Recv - LL_PHY_UPDATE_IND
5209: [00:00:50.935][D][jieli/ble] H2_JIELI_BLE_DISCONNECT handle=80 reason=22
5271: [00:00:52.513][D][jieli/ble] H2_JIELI_BLE_CONNECT subevent=1 status=0 interval=24 latency=0 timeout=72
5310: [00:00:53.123][Info]: [LL_S]Slave Recv - LL_PHY_UPDATE_IND
5322: [00:00:53.674][D][jieli/ble] H2_JIELI_BLE_DISCONNECT handle=80 reason=19
5377: [00:00:54.832][D][jieli/ble] H2_JIELI_BLE_CONNECT subevent=1 status=0 interval=24 latency=0 timeout=72
5416: [00:00:55.443][Info]: [LL_S]Slave Recv - LL_PHY_UPDATE_IND
7897: [00:01:26.985][D][jieli/ble] H2_JIELI_BLE_DISCONNECT handle=80 reason=19
7958: [00:01:28.569][D][jieli/ble] H2_JIELI_BLE_CONNECT subevent=1 status=0 interval=24 latency=0 timeout=72
7997: [00:01:29.204][Info]: [LL_S]Slave Recv - LL_PHY_UPDATE_IND
8010: [00:01:29.765][D][jieli/ble] H2_JIELI_BLE_DISCONNECT handle=80 reason=19
8069: JIELI_APP_CONFIRM result=OK code=0 display=0 transport=0
8386: [00:00:02.822][D][jieli/ble] H2_JIELI_BLE_CONNECT subevent=1 status=0 interval=24 latency=0 timeout=72
8430: [00:00:03.441][Info]: [LL_S]Slave Recv - LL_PHY_UPDATE_IND
8442: [00:00:03.972][D][jieli/ble] H2_JIELI_BLE_DISCONNECT handle=80 reason=19
8501: [00:00:05.969][D][jieli/ble] H2_JIELI_BLE_CONNECT subevent=1 status=0 interval=24 latency=0 timeout=72
8540: [00:00:06.581][Info]: [LL_S]Slave Recv - LL_PHY_UPDATE_IND
10902: [00:00:35.872][D][jieli/ble] H2_JIELI_BLE_DISCONNECT handle=80 reason=19
10963: [00:00:37.137][D][jieli/ble] H2_JIELI_BLE_CONNECT subevent=1 status=0 interval=24 latency=0 timeout=72
11002: [00:00:37.761][Info]: [LL_S]Slave Recv - LL_PHY_UPDATE_IND
11017: H2_JIELI_BOOT_INFO result=0 base=0x4020 bytes=929853 version=2 logical=1
11020: H2_JIELI_WARM_LOG 0:38.271][D][jieli/ble] H2_JIELI_BLE_DISCONNECT handle=80 reason=19
11327: [00:00:02.275][D][jieli/ble] H2_JIELI_BLE_CONNECT subevent=1 status=0 interval=24 latency=0 timeout=72
11364: [00:00:02.893][Info]: [LL_S]Slave Recv - LL_PHY_UPDATE_IND
11384: [00:00:03.642][D][jieli/ble] H2_JIELI_BLE_DISCONNECT handle=80 reason=22
11444: [00:00:04.590][D][jieli/ble] H2_JIELI_BLE_CONNECT subevent=1 status=0 interval=24 latency=0 timeout=72
11483: [00:00:05.201][Info]: [LL_S]Slave Recv - LL_PHY_UPDATE_IND
11679: [00:00:35.072][D][jieli/ble] H2_JIELI_BLE_DISCONNECT handle=80 reason=19
11736: H2_JIELI_REBOOT_EXECUTE reset=core
11743: H2_JIELI_BOOT_INFO result=0 base=0x4020 bytes=929853 version=2 logical=1
11755: H2_JIELI_STARTUP_EVENT event=1 code=0
12241: H2_JIELI_UPDATE_WRITE_DONE expected=929917 native=929917 result=0
12249: H2_JIELI_STARTUP_EVENT event=4 code=0
12377: [00:00:13.817][D][jieli/ble] H2_JIELI_BLE_CONNECT subevent=1 status=0 interval=24 latency=0 timeout=72
12423: [00:00:14.436][Info]: [LL_S]Slave Recv - LL_PHY_UPDATE_IND
12434: [00:00:14.842][D][jieli/ble] H2_JIELI_BLE_DISCONNECT handle=80 reason=22
12488: [00:00:17.057][D][jieli/ble] H2_JIELI_BLE_CONNECT subevent=1 status=0 interval=24 latency=0 timeout=72
12529: [00:00:17.676][Info]: [LL_S]Slave Recv - LL_PHY_UPDATE_IND
12715: [00:00:47.347][D][jieli/ble] H2_JIELI_BLE_DISCONNECT handle=80 reason=19
12779: [00:00:49.040][D][jieli/ble] H2_JIELI_BLE_CONNECT subevent=1 status=0 interval=24 latency=0 timeout=72
12813: [00:00:49.649][Info]: [LL_S]Slave Recv - LL_PHY_UPDATE_IND
12838: [00:00:50.317][D][jieli/ble] H2_JIELI_BLE_DISCONNECT handle=80 reason=19
12895: [00:00:51.792][D][jieli/ble] H2_JIELI_BLE_CONNECT subevent=1 status=0 interval=24 latency=0 timeout=72
12922: H2_JIELI_REBOOT_EXECUTE reset=core
12929: H2_JIELI_BOOT_INFO result=0 base=0x4020 bytes=929853 version=2 logical=1
12943: H2_JIELI_STARTUP_EVENT event=1 code=0
13413: H2_JIELI_UPDATE_WRITE_DONE expected=899305 native=899305 result=0
13422: H2_JIELI_STARTUP_EVENT event=3 code=0
13435: H2_JIELI_REBOOT_EXECUTE reset=core
13459: H2_CRASH_BEFORE_CONFIRM_READY action=crash
13466: H2_JIELI_BOOT_INFO result=0 base=0x4020 bytes=929853 version=2 logical=1
13469: H2_JIELI_TRIAL_ROLLBACK app_bootable=0 action=command-mode
13722: [00:00:01.641][D][jieli/ble] H2_JIELI_BLE_CONNECT subevent=1 status=0 interval=24 latency=0 timeout=72
13766: [00:00:02.258][Info]: [LL_S]Slave Recv - LL_PHY_UPDATE_IND
13778: [00:00:02.679][D][jieli/ble] H2_JIELI_BLE_DISCONNECT handle=80 reason=19
13831: [00:00:04.041][D][jieli/ble] H2_JIELI_BLE_CONNECT subevent=1 status=0 interval=24 latency=0 timeout=72
13872: [00:00:04.658][Info]: [LL_S]Slave Recv - LL_PHY_UPDATE_IND
13883: [00:00:05.259][D][jieli/ble] H2_JIELI_BLE_DISCONNECT handle=80 reason=22
13944: [00:00:06.202][D][jieli/ble] H2_JIELI_BLE_CONNECT subevent=1 status=0 interval=24 latency=0 timeout=72
13985: [00:00:06.818][Info]: [LL_S]Slave Recv - LL_PHY_UPDATE_IND
13998: [00:00:07.404][D][jieli/ble] H2_JIELI_BLE_DISCONNECT handle=80 reason=19
14058: [00:00:09.209][D][jieli/ble] H2_JIELI_BLE_CONNECT subevent=1 status=0 interval=24 latency=0 timeout=72
14085: [00:00:09.585][Info]: [LL_S]Slave Recv - LL_PHY_UPDATE_IND
14111: [00:00:12.429][D][jieli/ble] H2_JIELI_BLE_DISCONNECT handle=80 reason=19
14176: [00:00:13.798][D][jieli/ble] H2_JIELI_BLE_CONNECT subevent=1 status=0 interval=24 latency=0 timeout=72
14215: [00:00:14.408][Info]: [LL_S]Slave Recv - LL_PHY_UPDATE_IND
14229: [00:00:15.249][D][jieli/ble] H2_JIELI_BLE_DISCONNECT handle=80 reason=19
14291: [00:00:17.023][D][jieli/ble] H2_JIELI_BLE_CONNECT subevent=1 status=0 interval=24 latency=0 timeout=72
14331: [00:00:17.648][Info]: [LL_S]Slave Recv - LL_PHY_UPDATE_IND
14344: [00:00:18.234][D][jieli/ble] H2_JIELI_BLE_DISCONNECT handle=80 reason=19
