3) wifi:Init dynamic rx buffer num: 64
I (6164) wifi_init: rx ba win: 12
I (6164) wifi_init: accept mbox: 6
I (6164) wifi_init: tcpip mbox: 32
I (6165) wifi_init: udp mbox: 32
I (6165) wifi_init: tcp mbox: 32
I (6165) wifi_init: tcp tx win: 65535
I (6165) wifi_init: tcp rx win: 65535
I (6166) wifi_init: tcp mss: 1440
I (6166) wifi_init: WiFi/LWIP prefer SPIRAM
I (6166) wifi_init: WiFi IRAM OP enabled
I (6167) wifi_init: WiFi RX IRAM OP enabled
I (6167) wifi_init: LWIP IRAM OP enabled
I (6168) phy_init: phy_version 712,87e8c20e,Apr 13 2026,18:51:10
I (6214) wifi:mode : sta (98:88:e0:11:5c:50)
I (6215) wifi:enable tsf
W (6216) wifi:Haven't to connect to a suitable AP now!
W (6218) wifi:Haven't to connect to a suitable AP now!
W (6219) wifi:Password length matches WPA2 standards, authmode threshold changes from OPEN to WPA2
I (6226) wifi:new:<11,2>, old:<1,0>, ap:<255,255>, sta:<11,2>, prof:6, snd_ch_cfg:0x0
I (6227) wifi:state: init -> auth (0xb0)
I (6230) wifi:state: auth -> init (0x100)
I (62I (57894) pal-net-tls: H2_PAL_NET_TLS_RUN session=e062be9f6a394fa5afae6f0c6952e9c6 boot_id=34194b9b38a12b34 version=pal-net-tls-esp-20260930-r8 verESP-ROM:esp32s3-20210327
Build:Mar 27 2021
rst:0x15 (USB_UART_CHIP_RESET),boot:0x8 (SPI_FAST_FLASH_BOOT)
Saved PC:0x40388bb9
SPIWP:0xee
mode:DOUT, clock div:1
load:0x3fce2820,len:0x1544
load:0x403c8700,len:0xd68
load:0x403cb700,len:0x2fbc
entry 0x403c8904
I (24) boot: ESP-IDF v6.0 2nd stage bootloader
I (24) boot: compile time Sep  5 2026 01:50:08
I (25) boot: Multicore bootloader
I (25) boot: chip revision: v0.2
I (25) boot: efuse block revision: v1.3
I (25) boot.esp32s3: Boot SPI Speed : 80MHz
I (25) boot.esp32s3: SPI Mode       : DOUT
I (26) boot.esp32s3: SPI Flash Size : 16MB
I (26) boot: Enabling RNG early entropy source...
I (26) boot: Partition Table:
I (26) boot: ## Label            Usage          Type ST Offset   Length
I (27) boot:  0 nvs              WiFi data        01 02 00009000 00006000
I (27) boot:  1 otadata          OTA data         01 00 0000f000 00002000
I (28) boot:  2 phy_init         RF data          01 01 00011000 00001000
I (28) boot:  3 h2loader         OTA app          00 10 00020000 00200000
I (28) boot:  4 app              OTA app          00 11 00220000 00400000
I (29) boot:  5 dl               Unknown data     01 83 00620000 00600000
I (29) boot:  6 data             Unknown data     01 83 00c20000 00300000
I (30) boot:  7 coredump         Unknown data     01 03 00f20000 00010000
I (30) boot:  8 pref             Unknown data     01 83 00f30000 00040000
I (31) boot: End of partition table
I (31) esp_image: segment 0: paddr=00220020 vaddr=3c110020 size=4a720h (304928) map
I (90) esp_image: segment 1: paddr=0026a748 vaddr=3fca6800 size=058d0h ( 22736) load
I (95) esp_image: segment 2: paddr=00270020 vaddr=42000020 size=102c04h (1059844) map
I (299) esp_image: segment 3: paddr=00372c2c vaddr=3fcac0d0 size=00fc4h (  4036) load
I (300) esp_image: segment 4: paddr=00373bf8 vaddr=40374000 size=22728h (141096) load
I (333) esp_image: segment 5: paddr=00396328 vaddr=50000000 size=00024h (    36) load
I (334) esp_image: segment 6: paddr=00396354 vaddr=600fe000 size=0006ch (   108) load
I (349) boot: Loaded app from partition at offset 0x220000
I (349) boot: Disabling RNG early entropy source...
I (350) flash HPM: with HPM-DC support
W (350) flash HPM: High performance mode of this flash model hasn't been supported.
I (350) MSPI Timing: Enter flash timing tuning
I (351) octal_psram: vendor id    : 0x0d (AP)
I (351) octal_psram: dev id       : 0x02 (generation 3)
I (351) octal_psram: density      : 0x03 (64 Mbit)
I (352) octal_psram: good-die     : 0x01 (Pass)
I (352) octal_psram: Latency      : 0x01 (Fixed)
I (352) octal_psram: VCC          : 0x01 (3V)
I (352) octal_psram: SRF          : 0x01 (Fast Refresh)
I (352) octal_psram: BurstType    : 0x01 (Hybrid Wrap)
I (353) octal_psram: BurstLen     : 0x01 (32 Byte)
I (353) octal_psram: Readlatency  : 0x02 (10 cycles@Fixed)
I (353) octal_psram: DriveStrength: 0x00 (1/1)
I (353) MSPI Timing: Enter psram timing tuning
I (362) esp_psram: Found 8MB PSRAM device
I (362) esp_psram: Speed: 120MHz
I (386) mmu_psram: Read only data copied and mapped to SPIRAM
I (477) mmu_psram: Instructions copied and mapped to SPIRAM
I (477) cpu_start: Multicore app
I (754) esp_psram: SPI SRAM memory test OK
I (762) cpu_start: Pro cpu start user code
I (762) cpu_start: cpu freq: 240000000 Hz
I (763) app_init: Application information:
I (763) app_init: Project name:     h2_pal_net_tls_e2e
I (763) app_init: App version:      pal-net-tls-esp-20260930-r8
I (763) app_init: Compile time:     Sep 29 2026 22:47:24
I (763) app_init: ELF file SHA256:  02b396a1e...
I (764) app_init: ESP-IDF:          76f5dedd
I (764) efuse_init: Min chip rev:     v0.0
I (764) efuse_init: Max chip rev:     v0.99
I (764) efuse_init: Chip rev:         v0.2
I (764) heap_init: Initializing. RAM available for dynamic allocation:
I (765) heap_init: At 3FCB7C40 len 00031AD0 (198 KiB): RAM
I (765) heap_init: At 3FCE9710 len 00005724 (21 KiB): RAM
I (765) heap_init: At 3FCF0000 len 00008000 (32 KiB): DRAM
I (765) heap_init: At 600FE06C len 00001F7C (7 KiB): RTCRAM
I (765) esp_psram: Adding pool of 6762K of PSRAM memory to heap allocator
I (766) esp_psram: Adding pool of 22K of PSRAM memory gap generated due to end address alignment of drom to the heap allocator
I (766) spi_flash: detected chip: generic
I (766) spi_flash: flash io: dio
I (767) sleep_gpio: Configure to isolate all GPIO pins in sleep state
I (767) sleep_gpio: Enable automatic switching of GPIO sleep configuration
I (767) esp_core_dump_flash: Init core dump to flash
I (768) esp_core_dump_flash: Found partition 'coredump' @ f20000 65536 bytes
D (768) esp_core_dump_flash: Blank core dump partition!
I (769) main_task: Started on CPU0
I (769) esp_psram: Reserving pool of 32K of internal memory for DMA/internal allocations
I (770) main_task: Calling app_main()
H2_PAL_TASK_POLICY_READY unit=esp target=projects/e2e/targets/h2loader_tar_zlib/pal-net-tls/devkit
W (776) h2_esp_audio: board devkit has no audio backend
H2_PAL_TASK_READY name=$h2loader/return priority=8 core=0 stack=psram size=32768
H2_PAL_NET_TLS_BOOT board=devkit version=pal-net-tls-esp-20260930-r8
H2_PAL_TASK_READY name=pal-net-tls/e2e/runner priority=4 core=0 stack=psram size=65536
I (1002) main_task: Returned from app_main()
I (6010) pp: pp rom version: e7ae62f
I (6011) net80211: net80211 rom version: e7ae62f
I (6013) wifi:wifi driver task: 3fce05d8, prio:23, stack:3584, core=0
I (6020) wifi:wifi firmware version: da143fa
I (6020) wifi:wifi certification version: v7.0
I (6021) wifi:config NVS flash: enabled
I (6021) wifi:config nano formatting: disabled
I (6022) wifi:Init data frame dynamic rx buffer num: 64
I (6022) wifi:Init static rx mgmt buffer num: 5
I (6023) wifi:Init management short buffer num: 32
I (6024) wifi:Init static tx buffer num: 8
I (6024) wifi:Init tx cache buffer num: 16
I (6025) wifi:Init static tx FG buffer num: 2
I (6025) wifi:Init static rx buffer size: 1600
I (6026) wifi:Init static rx buffer num: 6
I (6026) wifi:Init dynamic rx buffer num: 64
I (6027) wifi_init: rx ba win: 12
I (6028) wifi_init: accept mbox: 6
I (6028) wifi_init: tcpip mbox: 32
I (6028) wifi_init: udp mbox: 32
I (6029) wifi_init: tcp mbox: 32
I (6029) wifi_init: tcp tx win: 65535
I (6030) wifi_init: tcp rx win: 65535
I (6030) wifi_init: tcp mss: 1440
I (6030) wifi_init: WiFi/LWIP prefer SPIRAM
I (6031) wifi_init: WiFi IRAM OP enabled
I (6031) wifi_init: WiFi RX IRAM OP enabled
I (6032) wifi_init: LWIP IRAM OP enabled
I (6032) phy_init: phy_version 712,87e8c20e,Apr 13 2026,18:51:10
I (6073) wifi:mode : sta (98:88:e0:11:5c:50)
I (6073) wifi:enable tsf
W (6075) wifi:Haven't to connect to a suitable AP now!
W (6076) wifi:Haven't to connect to a suitable AP now!
W (6077) wifi:Password length matches WPA2 standards, authmode threshold changes from OPEN to WPA2
I (6085) wifi:new:<11,2>, old:<1,0>, ap:<255,255>, sta:<11,2>, prof:6, snd_ch_cfg:0x0
I (6086) wifi:state: init -> auth (0xb0)
I (6089) wifi:state: auth -> init (0x100)
I (6090) wifi:new:<11,0>, old:<11,2>, ap:<255,255>, sta:<11,2>, prof:6, snd_ch_cfg:0x0
I (6097) wifi:new:<11,2>, old:<11,0>, ap:<255,255>, sta:<11,2>, prof:6, snd_ch_cfg:0x0
I (6098) wifi:state: init -> auth (0xb0)
I (6101) wifi:state: auth -> assoc (0x0)
I (6106) wifi:state: assoc -> run (0x10)
I (6107) wifi:[ADDBA]RX DELBA, reason:39, delete tid:0, initiator:1(originator)
I (6109) wifi:[ADDBA]RX DELBA, reason:39, delete tid:0, initiator:0(recipient)
I (6110) wifi:[ADDBA]RX DELBA, reason:39, delete tid:6, initiator:1(originator)
I (6119) wifi:connected with [REDACTED_WIFI_SSID], aid = 4, channel 11, 40D, bssid = 26:5a:4c:cc:d3:4e
I (6120) wifi:security: WPA2-PSK, phy: bgn, rssi: -37, cipher(pairwise:0x3, group:0x3), pmf:0
I (6121) wifi:pm start, type: 1

I (6121) wifi:dp: 1, bi: 102400, li: 3, scale listen interval from 307200 us to 307200 us
I (6122) wifi:set rx beacon pti, rx_bcn_pti: 14, bcn_timeout: 25000, mt_pti: 14, mt_time: 10000
I (6134) wifi:<ba-add>idx:0 (ifx:0, 26:5a:4c:cc:d3:4e), tid:6, ssn:0, winSize:64
I (6173) wifi:AP's beacon interval = 102400 us, DTIM period = 1
I (7141) esp_netif_handlers: sta ip: 192.168.4.115, mask: 255.255.255.0, gw: 192.168.4.1
W (7142) h2_esp_netif: H2_ESP_NETIF_DNS default=WIFI_STA_DEF netif_changed=1 servers_changed=1 dns0=192.168.4.1 dns1=0.0.0.0 cache=cleared
I (7224) pal-net-tls: H2_PAL_NET_TLS_EXECUTION session=e062be9f6a394fa5afae6f0c6952e9c6 boot_id=bd3239f46d3cde7d
I (7226) pal-net-tls: H2_PAL_NET_TLS_CASE {"id":"wrapper-arguments","status":"PASS","detail":0,"rc":0,"tx":0,"rx":0,"ms":0}
I (7267) pal-net-tls: H2_PAL_NET_TLS_CASE {"id":"dns-sync","status":"PASS","detail":0,"rc":0,"tx":0,"rx":0,"ms":0}
I (7308) pal-net-tls: H2_PAL_NET_TLS_CASE {"id":"dns-async-copy","status":"PASS","detail":0,"rc":0,"tx":0,"rx":0,"ms":1}
I (7354) pal-net-tls: H2_PAL_NET_TLS_CASE {"id":"dns-cancel","status":"PASS","detail":0,"rc":0,"tx":0,"rx":0,"ms":6}
I (7395) pal-net-tls: H2_PAL_NET_TLS_CASE {"id":"dns-capacity","status":"PASS","detail":0,"rc":0,"tx":0,"rx":0,"ms":1}
I (7436) pal-net-tls: H2_PAL_NET_TLS_CASE {"id":"host-address","status":"PASS","detail":0,"rc":0,"tx":0,"rx":0,"ms":0}
I (7498) wifi:<ba-add>idx:1 (ifx:0, 26:5a:4c:cc:d3:4e), tid:0, ssn:0, winSize:64
I (7651) pal-net-tls: H2_PAL_NET_TLS_CASE {"id":"udp-echo","status":"PASS","detail":0,"rc":0,"tx":609,"rx":513,"ms":175}
I (8016) pal-net-tls: H2_PAL_NET_TLS_CASE {"id":"udp-source-bind","status":"PASS","detail":0,"rc":0,"tx":609,"rx":513,"ms":325}
I (8097) pal-net-tls: H2_PAL_NET_TLS_CASE {"id":"udp-timeout","status":"PASS","detail":0,"rc":0,"tx":0,"rx":0,"ms":40}
I (8138) pal-net-tls: H2_PAL_NET_TLS_CASE {"id":"udp-nonblocking","status":"PASS","detail":0,"rc":0,"tx":0,"rx":0,"ms":1}
I (8558) pal-net-tls: H2_PAL_NET_TLS_CASE {"id":"udp-truncation","status":"PASS","detail":0,"rc":0,"tx":609,"rx":17,"ms":380}
I (8599) pal-net-tls: H2_PAL_NET_TLS_CASE {"id":"multicast-membership","status":"UNSUPPORTED","detail":-3,"rc":0,"tx":0,"rx":0,"ms":0}
I (8860) pal-net-tls: H2_PAL_NET_TLS_CASE {"id":"tcp-echo","status":"PASS","detail":0,"rc":0,"tx":4193,"rx":4097,"ms":221}
I (9002) pal-net-tls: H2_PAL_NET_TLS_CASE {"id":"tcp-source-bind","status":"PASS","detail":0,"rc":0,"tx":4193,"rx":4097,"ms":100}
I (9103) pal-net-tls: H2_PAL_NET_TLS_CASE {"id":"tcp-connect-retry","status":"PASS","detail":0,"rc":0,"tx":4193,"rx":4097,"ms":61}
I (9369) pal-net-tls: H2_PAL_NET_TLS_CASE {"id":"tcp-timeout","status":"PASS","detail":0,"rc":0,"tx":0,"rx":0,"ms":224}
I (9618) pal-net-tls: H2_PAL_NET_TLS_CASE {"id":"tcp-nonblocking","status":"PASS","detail":0,"rc":0,"tx":0,"rx":0,"ms":208}
I (9859) pal-net-tls: H2_PAL_NET_TLS_CASE {"id":"tcp-listen-accept","status":"PASS","detail":0,"rc":0,"tx":4193,"rx":4097,"ms":201}
I (10060) pal-net-tls: H2_PAL_NET_TLS_CASE {"id":"tcp-accept-timeout","status":"PASS","detail":0,"rc":0,"tx":4193,"rx":4097,"ms":160}
I (10142) pal-net-tls: H2_PAL_NET_TLS_CASE {"id":"tcp-peer-close","status":"PASS","detail":0,"rc":0,"tx":0,"rx":0,"ms":42}
I (10389) pal-net-tls: H2_PAL_NET_TLS_CASE {"id":"tcp-partial-io","status":"PASS","detail":0,"rc":0,"tx":4193,"rx":4097,"ms":206}
I (10935) pal-net-tls: H2_PAL_NET_TLS_CASE {"id":"tls-required","status":"PASS","detail":0,"rc":0,"tx":4193,"rx":4097,"ms":505}
I (11466) pal-net-tls: H2_PAL_NET_TLS_CASE {"id":"tls-default","status":"PASS","detail":0,"rc":0,"tx":4193,"rx":4097,"ms":491}
E (11649) h2_net: stage=tls_handshake mbedtls_rc=-9984
I (11662) pal-net-tls: H2_PAL_NET_TLS_CASE {"id":"tls-default-untrusted","status":"PASS","detail":0,"rc":-17,"tx":0,"rx":0,"ms":155}
E (11735) h2_net: stage=tls_handshake mbedtls_rc=-9984
I (11750) pal-net-tls: H2_PAL_NET_TLS_CASE {"id":"tls-wrong-ca","status":"PASS","detail":0,"rc":-17,"tx":0,"rx":0,"ms":48}
E (12239) h2_net: stage=tls_handshake mbedtls_rc=-9984
I (12252) pal-net-tls: H2_PAL_NET_TLS_CASE {"id":"tls-wrong-name","status":"PASS","detail":0,"rc":-17,"tx":0,"rx":0,"ms":461}
E (12541) h2_net: stage=tls_cert_time from=2020-01-01 to=2020-01-02 now=2026-09-29 flags=0x1
E (12542) h2_net: stage=tls_handshake mbedtls_rc=-9984
I (12759) pal-net-tls: H2_PAL_NET_TLS_CASE {"id":"tls-expired","status":"PASS","detail":0,"rc":-17,"tx":0,"rx":0,"ms":467}
I (13330) pal-net-tls: H2_PAL_NET_TLS_CASE {"id":"tls-insecure-test-only","status":"PASS","detail":0,"rc":0,"tx":4193,"rx":4097,"ms":531}
I (13867) pal-net-tls: H2_PAL_NET_TLS_CASE {"id":"tls-sni-alpn","status":"PASS","detail":0,"rc":0,"tx":4193,"rx":4097,"ms":496}
I (14383) pal-net-tls: H2_PAL_NET_TLS_CASE {"id":"tls-borrowed-config","status":"PASS","detail":0,"rc":0,"tx":4193,"rx":4097,"ms":474}
I (14734) pal-net-tls: H2_PAL_NET_TLS_CASE {"id":"tls-handshake-deadline","status":"PASS","detail":0,"rc":-6,"tx":0,"rx":0,"ms":310}
E (14812) h2_net: stage=tls_handshake mbedtls_rc=-9984
I (15329) pal-net-tls: H2_PAL_NET_TLS_CASE {"id":"tls-failure-recovery","status":"PASS","detail":0,"rc":0,"tx":4193,"rx":4097,"ms":555}
I (15849) pal-net-tls: H2_PAL_NET_TLS_CASE {"id":"tls-repeat-wrap","status":"PASS","detail":0,"rc":0,"tx":4193,"rx":4097,"ms":480}
I (15920) pal-net-tls: H2_PAL_NET_TLS_CASE {"id":"tls-config-arguments","status":"PASS","detail":0,"rc":-1,"tx":0,"rx":0,"ms":29}
I (15992) pal-net-tls: H2_PAL_NET_TLS_CASE {"id":"tls-invalid-ca","status":"PASS","detail":0,"rc":-15,"tx":0,"rx":0,"ms":32}
I (22797) pal-net-tls: H2_PAL_NET_TLS_CASE {"id":"tls-session-churn","status":"PASS","detail":0,"rc":0,"tx":50316,"rx":49164,"ms":6765}
E (22868) h2_net: stage=dns getaddrinfo_rc=202
I (22869) pal-net-tls: H2_PAL_NET_TLS_CASE {"id":"dns-hostname","status":"PASS","detail":0,"rc":-8,"tx":0,"rx":0,"ms":31,"ip":[124,174,15,239]}
I (22910) pal-net-tls: H2_PAL_NET_TLS_CASE {"id":"icmp-echo","status":"NOT_ASSESSED","detail":-3,"rc":0,"tx":0,"rx":0,"ms":0}
I (22951) pal-net-tls: H2_PAL_NET_TLS_CASE {"id":"cleanup-ledger","status":"PASS","detail":0,"rc":0,"tx":0,"rx":0,"ms":1}
I (23181) pal-net-tls: H2_PAL_NET_TLS_RUN session=e062be9f6a394fa5afae6f0c6952e9c6 boot_id=bd3239f46d3cde7d version=pal-net-tls-esp-20260930-r8 version_rc=0 dns_host=ap.e2e.gizclaw.com dns_ipv4=150.5.151.236
I (23183) pal-net-tls: H2_PAL_NET_TLS_CASE {"id":"wrapper-arguments","status":"PASS","detail":0,"rc":0,"tx":0,"rx":0,"ms":0}
I (23224) pal-net-tls: H2_PAL_NET_TLS_CASE {"id":"dns-sync","status":"PASS","detail":0,"rc":0,"tx":0,"rx":0,"ms":0}
I (23265) pal-net-tls: H2_PAL_NET_TLS_CASE {"id":"dns-async-copy","status":"PASS","detail":0,"rc":0,"tx":0,"rx":0,"ms":1}
I (23306) pal-net-tls: H2_PAL_NET_TLS_CASE {"id":"dns-cancel","status":"PASS","detail":0,"rc":0,"tx":0,"rx":0,"ms":6}
I (23347) pal-net-tls: H2_PAL_NET_TLS_CASE {"id":"dns-capacity","status":"PASS","detail":0,"rc":0,"tx":0,"rx":0,"ms":1}
I (23388) pal-net-tls: H2_PAL_NET_TLS_CASE {"id":"host-address","status":"PASS","detail":0,"rc":0,"tx":0,"rx":0,"ms":0}
I (23429) pal-net-tls: H2_PAL_NET_TLS_CASE {"id":"udp-echo","status":"PASS","detail":0,"rc":0,"tx":609,"rx":513,"ms":175}
I (23470) pal-net-tls: H2_PAL_NET_TLS_CASE {"id":"udp-source-bind","status":"PASS","detail":0,"rc":0,"tx":609,"rx":513,"ms":325}
I (23511) pal-net-tls: H2_PAL_NET_TLS_CASE {"id":"udp-timeout","status":"PASS","detail":0,"rc":0,"tx":0,"rx":0,"ms":40}
I (23552) pal-net-tls: H2_PAL_NET_TLS_CASE {"id":"udp-nonblocking","status":"PASS","detail":0,"rc":0,"tx":0,"rx":0,"ms":1}
I (23593) pal-net-tls: H2_PAL_NET_TLS_CASE {"id":"udp-truncation","status":"PASS","detail":0,"rc":0,"tx":609,"rx":17,"ms":380}
I (23634) pal-net-tls: H2_PAL_NET_TLS_CASE {"id":"multicast-membership","status":"UNSUPPORTED","detail":-3,"rc":0,"tx":0,"rx":0,"ms":0}
I (23675) pal-net-tls: H2_PAL_NET_TLS_CASE {"id":"tcp-echo","status":"PASS","detail":0,"rc":0,"tx":4193,"rx":4097,"ms":221}
I (23716) pal-net-tls: H2_PAL_NET_TLS_CASE {"id":"tcp-source-bind","status":"PASS","detail":0,"rc":0,"tx":4193,"rx":4097,"ms":100}
I (23757) pal-net-tls: H2_PAL_NET_TLS_CASE {"id":"tcp-connect-retry","status":"PASS","detail":0,"rc":0,"tx":4193,"rx":4097,"ms":61}
I (23798) pal-net-tls: H2_PAL_NET_TLS_CASE {"id":"tcp-timeout","status":"PASS","detail":0,"rc":0,"tx":0,"rx":0,"ms":224}
I (23839) pal-net-tls: H2_PAL_NET_TLS_CASE {"id":"tcp-nonblocking","status":"PASS","detail":0,"rc":0,"tx":0,"rx":0,"ms":208}
I (23880) pal-net-tls: H2_PAL_NET_TLS_CASE {"id":"tcp-listen-accept","status":"PASS","detail":0,"rc":0,"tx":4193,"rx":4097,"ms":201}
I (23921) pal-net-tls: H2_PAL_NET_TLS_CASE {"id":"tcp-accept-timeout","status":"PASS","detail":0,"rc":0,"tx":4193,"rx":4097,"ms":160}
I (23962) pal-net-tls: H2_PAL_NET_TLS_CASE {"id":"tcp-peer-close","status":"PASS","detail":0,"rc":0,"tx":0,"rx":0,"ms":42}
I (24003) pal-net-tls: H2_PAL_NET_TLS_CASE {"id":"tcp-partial-io","status":"PASS","detail":0,"rc":0,"tx":4193,"rx":4097,"ms":206}
I (24044) pal-net-tls: H2_PAL_NET_TLS_CASE {"id":"tls-required","status":"PASS","detail":0,"rc":0,"tx":4193,"rx":4097,"ms":505}
I (24085) pal-net-tls: H2_PAL_NET_TLS_CASE {"id":"tls-default","status":"PASS","detail":0,"rc":0,"tx":4193,"rx":4097,"ms":491}
I (24126) pal-net-tls: H2_PAL_NET_TLS_CASE {"id":"tls-default-untrusted","status":"PASS","detail":0,"rc":-17,"tx":0,"rx":0,"ms":155}
I (24167) pal-net-tls: H2_PAL_NET_TLS_CASE {"id":"tls-wrong-ca","status":"PASS","detail":0,"rc":-17,"tx":0,"rx":0,"ms":48}
I (24208) pal-net-tls: H2_PAL_NET_TLS_CASE {"id":"tls-wrong-name","status":"PASS","detail":0,"rc":-17,"tx":0,"rx":0,"ms":461}
I (24249) pal-net-tls: H2_PAL_NET_TLS_CASE {"id":"tls-expired","status":"PASS","detail":0,"rc":-17,"tx":0,"rx":0,"ms":467}
I (24290) pal-net-tls: H2_PAL_NET_TLS_CASE {"id":"tls-insecure-test-only","status":"PASS","detail":0,"rc":0,"tx":4193,"rx":4097,"ms":531}
I (24331) pal-net-tls: H2_PAL_NET_TLS_CASE {"id":"tls-sni-alpn","status":"PASS","detail":0,"rc":0,"tx":4193,"rx":4097,"ms":496}
I (24372) pal-net-tls: H2_PAL_NET_TLS_CASE {"id":"tls-borrowed-config","status":"PASS","detail":0,"rc":0,"tx":4193,"rx":4097,"ms":474}
I (24413) pal-net-tls: H2_PAL_NET_TLS_CASE {"id":"tls-handshake-deadline","status":"PASS","detail":0,"rc":-6,"tx":0,"rx":0,"ms":310}
I (24454) pal-net-tls: H2_PAL_NET_TLS_CASE {"id":"tls-failure-recovery","status":"PASS","detail":0,"rc":0,"tx":4193,"rx":4097,"ms":555}
I (24495) pal-net-tls: H2_PAL_NET_TLS_CASE {"id":"tls-repeat-wrap","status":"PASS","detail":0,"rc":0,"tx":4193,"rx":4097,"ms":480}
I (24536) pal-net-tls: H2_PAL_NET_TLS_CASE {"id":"tls-config-arguments","status":"PASS","detail":0,"rc":-1,"tx":0,"rx":0,"ms":29}
I (24577) pal-net-tls: H2_PAL_NET_TLS_CASE {"id":"tls-invalid-ca","status":"PASS","detail":0,"rc":-15,"tx":0,"rx":0,"ms":32}
I (24618) pal-net-tls: H2_PAL_NET_TLS_CASE {"id":"tls-session-churn","status":"PASS","detail":0,"rc":0,"tx":50316,"rx":49164,"ms":6765}
I (24659) pal-net-tls: H2_PAL_NET_TLS_CASE {"id":"dns-hostname","status":"PASS","detail":0,"rc":-8,"tx":0,"rx":0,"ms":31,"ip":[124,174,15,239]}
I (24700) pal-net-tls: H2_PAL_NET_TLS_CASE {"id":"icmp-echo","status":"NOT_ASSESSED","detail":-3,"rc":0,"tx":0,"rx":0,"ms":0}
I (24741) pal-net-tls: H2_PAL_NET_TLS_CASE {"id":"cleanup-ledger","status":"PASS","detail":0,"rc":0,"tx":0,"rx":0,"ms":1}
I (24782) pal-net-tls: H2_PAL_NET_TLS_SUMMARY {"pass":37,"mandatory":37,"fail":0,"blocked":0,"unsupported":1,"not_assessed":1,"rs":0,"rr":0,"ra":0}
H2_PAL_NET_TLS_READY board=devkit rc=0 confirm=0
I (29783) pal-net-tls: H2_PAL_NET_TLS_RUN session=e062be9f6a394fa5afae6f0c6952e9c6 boot_id=bd3239f46d3cde7d version=pal-net-tls-esp-20260930-r8 version_rc=0 dns_host=ap.e2e.gizclaw.com dns_ipv4=150.5.151.236
I (29785) pal-net-tls: H2_PAL_NET_TLS_CASE {"id":"wrapper-arguments","status":"PASS","detail":0,"rc":0,"tx":0,"rx":0,"ms":0}
I (29826) pal-net-tls: H2_PAL_NET_TLS_CASE {"id":"dns-sync","status":"PASS","detail":0,"rc":0,"tx":0,"rx":0,"ms":0}
