H2_WIFI_LAUNCHER version=pal-wifi-20260930-r35 board=devkit
I (4287) pal-wifi: H2_WIFI_PERSISTENCE_PRIOR prior=pal-wifi-20260930-r34 current=pal-wifi-20260930-r35 matched=1 contract=v1
I (4497) pal-wifi: H2_WIFI_RECOVERY recovered=0 rc=0
I (4538) pal-wifi: H2_WIFI_BOOT {"board":"devkit","version":"pal-wifi-20260930-r35","boot":15,"nonce":10928802292369252053,"persistence":1}
I (4579) pal-wifi: H2_WIFI_CASE {"id":"settings-restart-persistence","status":"PASS","rc":0,"elapsed_ms":0,"line":0,"boot":15,"nonce":10928802292369252053}
I (4620) pal-wifi: H2_WIFI_CASE {"id":"arguments","status":"PASS","rc":0,"elapsed_ms":0,"line":0,"boot":15,"nonce":10928802292369252053}
I (4662) pal-wifi: H2_WIFI_CASE {"id":"station-mac","status":"PASS","rc":0,"elapsed_ms":0,"line":0,"boot":15,"nonce":10928802292369252053}
I (4703) pal-wifi: H2_WIFI_CASE {"id":"access-point-mac","status":"PASS","rc":0,"elapsed_ms":0,"line":0,"boot":15,"nonce":10928802292369252053}
I (4748) pal-wifi: H2_WIFI_CASE {"id":"settings-clear","status":"PASS","rc":0,"elapsed_ms":4,"line":0,"boot":15,"nonce":10928802292369252053}
I (4792) pal-wifi: H2_WIFI_CASE {"id":"settings-length-boundaries","status":"PASS","rc":0,"elapsed_ms":4,"line":0,"boot":15,"nonce":10928802292369252053}
I (4834) pal-wifi: H2_WIFI_CASE {"id":"settings-reject-invalid","status":"PASS","rc":0,"elapsed_ms":1,"line":0,"boot":15,"nonce":10928802292369252053}
I (7376) pal-wifi: H2_WIFI_CASE {"id":"scan-all","status":"PASS","rc":0,"elapsed_ms":2501,"line":0,"boot":15,"nonce":10928802292369252053}
I (7617) pal-wifi: H2_WIFI_CASE {"id":"scan-directed","status":"PASS","rc":0,"elapsed_ms":201,"line":0,"boot":15,"nonce":10928802292369252053}
I (10158) pal-wifi: H2_WIFI_CASE {"id":"scan-early-stop","status":"PASS","rc":0,"elapsed_ms":2501,"line":0,"boot":15,"nonce":10928802292369252053}
I (11686) pal-wifi: H2_WIFI_CASE {"id":"connect-without-save","status":"PASS","rc":0,"elapsed_ms":1487,"line":0,"boot":15,"nonce":10928802292369252053}
I (12027) pal-wifi: H2_WIFI_CASE {"id":"station-events","status":"PASS","rc":0,"elapsed_ms":300,"line":0,"boot":15,"nonce":10928802292369252053}
I (12068) pal-wifi: H2_WIFI_CASE {"id":"netif-enumerate-find","status":"PASS","rc":0,"elapsed_ms":1,"line":0,"boot":15,"nonce":10928802292369252053}
I (12109) pal-wifi: H2_WIFI_CASE {"id":"netif-station-status","status":"PASS","rc":0,"elapsed_ms":1,"line":0,"boot":15,"nonce":10928802292369252053}
I (12151) pal-wifi: H2_WIFI_CASE {"id":"netif-dns-bounds","status":"PASS","rc":0,"elapsed_ms":1,"line":0,"boot":15,"nonce":10928802292369252053}
I (12192) pal-wifi: H2_WIFI_CASE {"id":"netif-missing-interface","status":"PASS","rc":0,"elapsed_ms":1,"line":0,"boot":15,"nonce":10928802292369252053}
I (12434) pal-wifi: H2_WIFI_CASE {"id":"scan-while-connected","status":"PASS","rc":0,"elapsed_ms":201,"line":0,"boot":15,"nonce":10928802292369252053}
I (12476) pal-wifi: H2_WIFI_CASE {"id":"power-save-none","status":"PASS","rc":0,"elapsed_ms":1,"line":0,"boot":15,"nonce":10928802292369252053}
I (12517) pal-wifi: H2_WIFI_CASE {"id":"power-save-min","status":"PASS","rc":0,"elapsed_ms":1,"line":0,"boot":15,"nonce":10928802292369252053}
I (12561) pal-wifi: H2_WIFI_CASE {"id":"power-save-max","status":"PASS","rc":0,"elapsed_ms":3,"line":0,"boot":15,"nonce":10928802292369252053}
I (12603) pal-wifi: H2_WIFI_CASE {"id":"connect-and-save-zero","status":"PASS","rc":0,"elapsed_ms":2,"line":0,"boot":15,"nonce":10928802292369252053}
I (22135) pal-wifi: H2_WIFI_CASE {"id":"wrong-password-preserves-saved","status":"PASS","rc":0,"elapsed_ms":9492,"line":0,"boot":15,"nonce":10928802292369252053}
I (23238) pal-wifi: H2_WIFI_CASE {"id":"connect-and-save","status":"PASS","rc":0,"elapsed_ms":1061,"line":0,"boot":15,"nonce":10928802292369252053}
I (23784) pal-wifi: H2_WIFI_CASE {"id":"disconnect-status","status":"PASS","rc":0,"elapsed_ms":506,"line":0,"boot":15,"nonce":10928802292369252053}
I (24930) pal-wifi: H2_WIFI_CASE {"id":"connect-zero-borrowed-input","status":"PASS","rc":0,"elapsed_ms":1106,"line":0,"boot":15,"nonce":10928802292369252053}
I (25585) pal-wifi: H2_WIFI_CASE {"id":"access-point-wpa2-start","status":"PASS","rc":0,"elapsed_ms":614,"line":0,"boot":15,"nonce":10928802292369252053}
I (25626) pal-wifi: H2_WIFI_CASE {"id":"access-point-status","status":"PASS","rc":0,"elapsed_ms":0,"line":0,"boot":15,"nonce":10928802292369252053}
I (25667) pal-wifi: H2_WIFI_CASE {"id":"access-point-netif","status":"PASS","rc":0,"elapsed_ms":1,"line":0,"boot":15,"nonce":10928802292369252053}
I (26208) pal-wifi: H2_WIFI_ADDRESS lease=3232236546 ap=3232236545 mask=4294967040
I (26209) pal-wifi: H2_WIFI_CASE {"id":"access-point-real-client","status":"PASS","rc":0,"elapsed_ms":502,"line":0,"boot":15,"nonce":10928802292369252053}
I (26250) pal-wifi: H2_WIFI_CASE {"id":"access-point-client-bounds","status":"PASS","rc":0,"elapsed_ms":0,"line":0,"boot":15,"nonce":10928802292369252053}
I (79391) pal-wifi: H2_WIFI_CASE {"id":"access-point-client-left","status":"PASS","rc":0,"elapsed_ms":53100,"line":0,"boot":15,"nonce":10928802292369252053}
I (81789) pal-wifi: H2_WIFI_CASE {"id":"netif-select-default","status":"PASS","rc":0,"elapsed_ms":2358,"line":0,"boot":15,"nonce":10928802292369252053}
I (82130) pal-wifi: H2_WIFI_CASE {"id":"access-point-repeat-start","status":"PASS","rc":0,"elapsed_ms":300,"line":0,"boot":15,"nonce":10928802292369252053}
I (82472) pal-wifi: H2_WIFI_CASE {"id":"access-point-stop","status":"PASS","rc":0,"elapsed_ms":301,"line":0,"boot":15,"nonce":10928802292369252053}
I (110231) pal-wifi: H2_WIFI_ADDRESS lease=3232236546 ap=3232236545 mask=4294967040
I (163641) pal-wifi: H2_WIFI_CASE {"id":"access-point-open","status":"PASS","rc":0,"elapsed_ms":81128,"line":0,"boot":15,"nonce":10928802292369252053}
I (194275) pal-wifi: H2_WIFI_ADDRESS lease=3232236546 ap=3232236545 mask=4294967040
I (247784) pal-wifi: H2_WIFI_CASE {"id":"access-point-hidden","status":"PASS","rc":0,"elapsed_ms":84102,"line":0,"boot":15,"nonce":10928802292369252053}
I (252720) pal-wifi: H2_WIFI_CASE {"id":"station-ap-churn","status":"PASS","rc":0,"elapsed_ms":4896,"line":0,"boot":15,"nonce":10928802292369252053}
I (252762) pal-wifi: H2_WIFI_CASE {"id":"event-integrity","status":"PASS","rc":0,"elapsed_ms":0,"line":0,"boot":15,"nonce":10928802292369252053}
I (254380) pal-wifi: H2_WIFI_CASE {"id":"restore-original-settings-network","status":"PASS","rc":0,"elapsed_ms":1578,"line":0,"boot":15,"nonce":10928802292369252053}
I (254659) pal-wifi: H2_WIFI_REPORT {"board":"devkit","version":"pal-wifi-20260930-r35","boot":15,"nonce":10928802292369252053,"operations":21,"passed":39,"failed":0,"blocked":0,"persistence":1,"qualified":1,"rc":0}
I (254701) pal-wifi: H2_WIFI_RESTORE {"boot":15,"nonce":10928802292369252053,"cleanup":0,"saved_restored":1,"network_restored":1,"backup_cleared":1,"retained":0}
I (254742) pal-wifi: H2_WIFI_STA_EVENTS {"boot":15,"nonce":10928802292369252053,"connecting":9,"connected":8,"got_ip":8,"lost_ip":7,"disconnected":10,"route_changed":18,"invalid":0}
I (254783) pal-wifi: H2_WIFI_AP_EVENTS {"boot":15,"nonce":10928802292369252053,"started":5,"stopped":5,"joined":6,"left":6,"lease_granted":6,"lease_released":6}
I (254824) pal-wifi: H2_WIFI_CLIENT {"boot":15,"nonce":10928802292369252053,"mac":"30eda0ae0f84","ip4":3232236546}
H2_WIFI_READY board=devkit rc=0 confirm=0
