H2_PAL_AUDIO_REPLAY {"id":"wrapper-arguments","status":"PASS","detail":0}
H2_PAL_AUDIO_REPLAY {"id":"info","status":"PASS","detail":0}
H2_PAL_AUDIO_REPLAY {"id":"mic-stopped-read","status":"PASS","detail":0}
H2_PAL_AUDIO_REPLAY {"id":"mic-gain-bounds","status":"PASS","detail":0}
H2_PAL_AUDIO_REPLAY {"id":"mic-gain-roundtrip","status":"PASS","detail":0}
H2_PAL_AUDIO_REPLAY {"id":"speaker-volume-bounds","status":"PASS","detail":0}
H2_PAL_AUDIO_REPLAY {"id":"speaker-volume-roundtrip","status":"PASS","detail":0}
H2_PAL_AUDIO_REPLAY {"id":"track-format-bounds","status":"PASS","detail":0}
H2_PAL_AUDIO_REPLAY {"id":"speaker-start","status":"PASS","detail":0}
H2_PAL_AUDIO_REPLAY {"id":"track-create","status":"PASS","detail":0}
H2_PAL_AUDIO_REPLAY {"id":"track-volume-bounds","status":"PASS","detail":0}
H2_PAL_AUDIO_REPLAY {"id":"track-volume-roundtrip","status":"PASS","detail":0}
H2_PAL_AUDIO_REPLAY {"id":"track-write-bounds","status":"PASS","detail":0}
H2_PAL_AUDIO_REPLAY {"id":"track-write","status":"PASS","detail":0}
H2_PAL_AUDIO_REPLAY {"id":"track-drain","status":"PASS","detail":0}
H2_PAL_AUDIO_REPLAY {"id":"mic-start","status":"PASS","detail":0}
H2_PAL_AUDIO_REPLAY {"id":"mic-read","status":"PASS","detail":0}
H2_PAL_AUDIO_REPLAY {"id":"mic-gain-live","status":"PASS","detail":0}
H2_PAL_AUDIO_REPLAY {"id":"mic-stop","status":"PASS","detail":0}
H2_PAL_AUDIO_REPLAY {"id":"track-close","status":"PASS","detail":0}
H2_PAL_AUDIO_REPLAY {"id":"speaker-stop","status":"PASS","detail":0}
H2_PAL_AUDIO_REPLAY {"id":"resource-churn","status":"PASS","detail":0}
H2_PAL_AUDIO_REPLAY {"id":"stability","status":"PASS","detail":0}
H2_PAL_AUDIO_REPLAY {"id":"cleanup","status":"PASS","detail":0}
H2_PAL_AUDIO_SUMMARY {"platform":"bk7258","passed":24,"failed":0,"blocked":0,"mic_frames":1498,"mic_peak":1804,"mic_energy":10885036,"speaker_frames":1500,"output_peak":1120,"stability_elapsed_ms":30015,"rc":0,"confirm":0}
H2_PAL_AUDIO_REPLAY {"id":"wrapper-arguments","status":"PASS","detail":0}
H2_PAL_AUDIO_REPLAY {"id":"info","status":"PASS","detail":0}
H2_PAL_AUDIO_REPLAY {"id":"mic-stopped-read","status":"PASS","detail":0}
H2_PAL_AUDIO_REPLAY {"id":"mic-gain-bounds","status":"PASS","detail":0}
H2_PAL_AUDIO_REPLAY {"id":"mic-gain-roundtrip","status":"PASS","detail":0}
H2_PAL_AUDIO_REPLAY {"id":"speaker-volume-bounds","status":"PASS","detail":0}
H2_PAL_AUDIO_REPLAY {"id":"speaker-volume-roundtrip","status":"PASS","detail":0}
H2_PAL_AUDIO_REPLAY {"id":"track-format-bounds","status":"PASS","detail":0}
H2_PAL_AUDIO_REPLAY {"id":"speaker-start","status":"PASS","detail":0}
H2_PAL_AUDIO_REPLAY {"id":"track-create","status":"PASS","detail":0}
H2_PAL_AUDIO_REPLAY {"id":"track-volume-bounds","status":"PASS","detail":0}
H2_PAL_AUDIO_REPLAY {"id":"track-volume-roundtrip","status":"PASS","detail":0}
H2_PAL_AUDIO_REPLAY {"id":"track-write-bounds","status":"PASS","detail":0}
H2_PAL_AUDIO_REPLAY {"id":"track-write","status":"PASS","detail":0}
H2_PAL_AUDIO_REPLAY {"id":"track-drain","status":"PASS","detail":0}
H2_PAL_AUDIO_REPLAY {"id":"mic-start","status":"PASS","detail":0}
H2_PAL_AUDIO_REPLAY {"id":"mic-read","status":"PASS","detail":0}
H2_PAL_AUDIO_REPLAY {"id":"mic-gain-live","status":"PASS","detail":0}
H2_PAL_AUDIO_REPLAY {"id":"mic-stop","status":"PASS","detail":0}
H2_PAL_AUDIO_REPLAY {"id":"track-close","status":"PASS","detail":0}
H2_PAL_AUDIO_REPLAY {"id":"speaker-stop","status":"PASS","detail":0}
H2_PAL_AUDIO_REPLAY {"id":"resource-churn","status":"PASS","detail":0}
H2_PAL_AUDIO_REPLAY {"id":"stability","status":"PASS","detail":0}
H2_PAL_AUDIO_REPLAY {"id":"cleanup","status":"PASS","detail":0}
H2_PAL_AUDIO_SUMMARY {"platform":"bk7258","passed":24,"failed":0,"blocked":0,"mic_frames":1498,"mic_peak":1804,"mic_energy":10885036,"speaker_frames":1500,"output_peak":1120,"stability_elapsed_ms":30015,"rc":0,"confirm":0}
H2_LOADER_REBOOT target=app result=accepted
H2_PAL_TASK_READY name=h2_sys_evt core=0 priority=6 stack=psram size=4096
H2_FIXED_XIP role=app pc=0237932e cp_phys=00264000 native_slot=0
H2_PAL_TASK_READY name=$h2loader/uartcmd sdk_name=$h2loader/uartcmd core=0 priority=5 stack=psram size=32768
H2_PAL_AUDIO_BOOT board=bk7258 reset_reason=0
H2_PAL_TASK_READY name=pal-audio/e2e/runner sdk_name=pal-audio/e2e/runner core=0 priority=7 stack=psram size=32768
H2_PAL_AUDIO_CASE {"id":"wrapper-arguments","status":"PASS","detail":0,"line":0}
H2_PAL_AUDIO_CASE {"id":"info","status":"PASS","detail":0,"line":0}
H2_PAL_AUDIO_CASE {"id":"mic-stopped-read","status":"PASS","detail":0,"line":0}
H2_PAL_AUDIO_CASE {"id":"mic-gain-bounds","status":"PASS","detail":0,"line":0}
H2_PAL_AUDIO_CASE {"id":"mic-gain-roundtrip","status":"PASS","detail":0,"line":0}
H2_PAL_AUDIO_CASE {"id":"speaker-volume-bounds","status":"PASS","detail":0,"line":0}
H2_PAL_AUDIO_CASE {"id":"speaker-volume-roundtrip","status":"PASS","detail":0,"line":0}
H2_PAL_AUDIO_CASE {"id":"track-format-bounds","status":"PASS","detail":0,"line":0}
H2_PAL_AUDIO_CASE {"id":"speaker-start","status":"PASS","detail":0,"line":0}
H2_PAL_AUDIO_CASE {"id":"track-create","status":"PASS","detail":0,"line":0}
H2_PAL_AUDIO_CASE {"id":"track-volume-bounds","status":"PASS","detail":0,"line":0}
H2_PAL_AUDIO_CASE {"id":"track-volume-roundtrip","status":"PASS","detail":0,"line":0}
H2_PAL_AUDIO_CASE {"id":"track-write-bounds","status":"PASS","detail":0,"line":0}
H2_PAL_AUDIO_CASE {"id":"track-write","status":"PASS","detail":0,"line":0}
H2_PAL_AUDIO_CASE {"id":"track-drain","status":"PASS","detail":0,"line":0}
H2_PAL_AUDIO_CASE {"id":"mic-start","status":"PASS","detail":0,"line":0}
H2_PAL_AUDIO_CASE {"id":"mic-read","status":"PASS","detail":0,"line":0}
H2_PAL_AUDIO_CASE {"id":"mic-gain-live","status":"PASS","detail":0,"line":0}
H2_PAL_AUDIO_CASE {"id":"mic-stop","status":"PASS","detail":0,"line":0}
H2_PAL_AUDIO_CASE {"id":"track-close","status":"PASS","detail":0,"line":0}
H2_PAL_AUDIO_CASE {"id":"speaker-stop","status":"PASS","detail":0,"line":0}
H2_PAL_AUDIO_CASE {"id":"resource-churn","status":"PASS","detail":0,"line":0}
H2_PAL_AUDIO_CASE {"id":"stability","status":"PASS","detail":0,"line":0}
H2_PAL_AUDIO_CASE {"id":"cleanup","status":"PASS","detail":0,"line":0}
H2_PAL_AUDIO_STAGE stage=run_done rc=0
H2_PAL_AUDIO_STAGE stage=confirm_begin
H2_PAL_AUDIO_STAGE stage=confirm_end rc=0
H2_PAL_AUDIO_REPLAY {"id":"wrapper-arguments","status":"PASS","detail":0}
H2_PAL_AUDIO_REPLAY {"id":"info","status":"PASS","detail":0}
H2_PAL_AUDIO_REPLAY {"id":"mic-stopped-read","status":"PASS","detail":0}
H2_PAL_AUDIO_REPLAY {"id":"mic-gain-bounds","status":"PASS","detail":0}
H2_PAL_AUDIO_REPLAY {"id":"mic-gain-roundtrip","status":"PASS","detail":0}
H2_PAL_AUDIO_REPLAY {"id":"speaker-volume-bounds","status":"PASS","detail":0}
H2_PAL_AUDIO_REPLAY {"id":"speaker-volume-roundtrip","status":"PASS","detail":0}
H2_PAL_AUDIO_REPLAY {"id":"track-format-bounds","status":"PASS","detail":0}
H2_PAL_AUDIO_REPLAY {"id":"speaker-start","status":"PASS","detail":0}
H2_PAL_AUDIO_REPLAY {"id":"track-create","status":"PASS","detail":0}
H2_PAL_AUDIO_REPLAY {"id":"track-volume-bounds","status":"PASS","detail":0}
H2_PAL_AUDIO_REPLAY {"id":"track-volume-roundtrip","status":"PASS","detail":0}
H2_PAL_AUDIO_REPLAY {"id":"track-write-bounds","status":"PASS","detail":0}
H2_PAL_AUDIO_REPLAY {"id":"track-write","status":"PASS","detail":0}
H2_PAL_AUDIO_REPLAY {"id":"track-drain","status":"PASS","detail":0}
H2_PAL_AUDIO_REPLAY {"id":"mic-start","status":"PASS","detail":0}
H2_PAL_AUDIO_REPLAY {"id":"mic-read","status":"PASS","detail":0}
H2_PAL_AUDIO_REPLAY {"id":"mic-gain-live","status":"PASS","detail":0}
H2_PAL_AUDIO_REPLAY {"id":"mic-stop","status":"PASS","detail":0}
H2_PAL_AUDIO_REPLAY {"id":"track-close","status":"PASS","detail":0}
H2_PAL_AUDIO_REPLAY {"id":"speaker-stop","status":"PASS","detail":0}
H2_PAL_AUDIO_REPLAY {"id":"resource-churn","status":"PASS","detail":0}
H2_PAL_AUDIO_REPLAY {"id":"stability","status":"PASS","detail":0}
H2_PAL_AUDIO_REPLAY {"id":"cleanup","status":"PASS","detail":0}
H2_PAL_AUDIO_SUMMARY {"platform":"bk7258","passed":24,"failed":0,"blocked":0,"mic_frames":1497,"mic_peak":2386,"mic_energy":20857545,"speaker_frames":1499,"output_peak":1120,"stability_elapsed_ms":30008,"rc":0,"confirm":0}
H2_PAL_AUDIO_REPLAY {"id":"wrapper-arguments","status":"PASS","detail":0}
H2_PAL_AUDIO_REPLAY {"id":"info","status":"PASS","detail":0}
H2_PAL_AUDIO_REPLAY {"id":"mic-stopped-read","status":"PASS","detail":0}
H2_PAL_AUDIO_REPLAY {"id":"mic-gain-bounds","status":"PASS","detail":0}
H2_PAL_AUDIO_REPLAY {"id":"mic-gain-roundtrip","status":"PASS","detail":0}
H2_PAL_AUDIO_REPLAY {"id":"speaker-volume-bounds","status":"PASS","detail":0}
H2_PAL_AUDIO_REPLAY {"id":"speaker-volume-roundtrip","status":"PASS","detail":0}
H2_PAL_AUDIO_REPLAY {"id":"track-format-bounds","status":"PASS","detail":0}
H2_PAL_AUDIO_REPLAY {"id":"speaker-start","status":"PASS","detail":0}
H2_PAL_AUDIO_REPLAY {"id":"track-create","status":"PASS","detail":0}
H2_PAL_AUDIO_REPLAY {"id":"track-volume-bounds","status":"PASS","detail":0}
H2_PAL_AUDIO_REPLAY {"id":"track-volume-roundtrip","status":"PASS","detail":0}
H2_PAL_AUDIO_REPLAY {"id":"track-write-bounds","status":"PASS","detail":0}
H2_PAL_AUDIO_REPLAY {"id":"track-write","status":"PASS","detail":0}
H2_PAL_AUDIO_REPLAY {"id":"track-drain","status":"PASS","detail":0}
H2_PAL_AUDIO_REPLAY {"id":"mic-start","status":"PASS","detail":0}
H2_PAL_AUDIO_REPLAY {"id":"mic-read","status":"PASS","detail":0}
H2_PAL_AUDIO_REPLAY {"id":"mic-gain-live","status":"PASS","detail":0}
H2_PAL_AUDIO_REPLAY {"id":"mic-stop","status":"PASS","detail":0}
H2_PAL_AUDIO_REPLAY {"id":"track-close","status":"PASS","detail":0}
H2_PAL_AUDIO_REPLAY {"id":"speaker-stop","status":"PASS","detail":0}
H2_PAL_AUDIO_REPLAY {"id":"resource-churn","status":"PASS","detail":0}
H2_PAL_AUDIO_REPLAY {"id":"stability","status":"PASS","detail":0}
H2_PAL_AUDIO_REPLAY {"id":"cleanup","status":"PASS","detail":0}
H2_PAL_AUDIO_SUMMARY {"platform":"bk7258","passed":24,"failed":0,"blocked":0,"mic_frames":1497,"mic_peak":2386,"mic_energy":20857545,"speaker_frames":1499,"output_peak":1120,"stability_elapsed_ms":30008,"rc":0,"confirm":0}
H2_PAL_AUDIO_REPLAY {"id":"wrapper-arguments","status":"PASS","detail":0}
H2_PAL_AUDIO_REPLAY {"id":"info","status":"PASS","detail":0}
H2_PAL_AUDIO_REPLAY {"id":"mic-stopped-read","status":"PASS","detail":0}
H2_PAL_AUDIO_REPLAY {"id":"mic-gain-bounds","status":"PASS","detail":0}
H2_PAL_AUDIO_REPLAY {"id":"mic-gain-roundtrip","status":"PASS","detail":0}
H2_PAL_AUDIO_REPLAY {"id":"speaker-volume-bounds","status":"PASS","detail":0}
H2_PAL_AUDIO_REPLAY {"id":"speaker-volume-roundtrip","status":"PASS","detail":0}
H2_PAL_AUDIO_REPLAY {"id":"track-format-bounds","status":"PASS","detail":0}
H2_PAL_AUDIO_REPLAY {"id":"speaker-start","status":"PASS","detail":0}
H2_PAL_AUDIO_REPLAY {"id":"track-create","status":"PASS","detail":0}
H2_PAL_AUDIO_REPLAY {"id":"track-volume-bounds","status":"PASS","detail":0}
H2_PAL_AUDIO_REPLAY {"id":"track-volume-roundtrip","status":"PASS","detail":0}
H2_PAL_AUDIO_REPLAY {"id":"track-write-bounds","status":"PASS","detail":0}
H2_PAL_AUDIO_REPLAY {"id":"track-write","status":"PASS","detail":0}
H2_PAL_AUDIO_REPLAY {"id":"track-drain","status":"PASS","detail":0}
H2_PAL_AUDIO_REPLAY {"id":"mic-start","status":"PASS","detail":0}
H2_PAL_AUDIO_REPLAY {"id":"mic-read","status":"PASS","detail":0}
H2_PAL_AUDIO_REPLAY {"id":"mic-gain-live","status":"PASS","detail":0}
H2_PAL_AUDIO_REPLAY {"id":"mic-stop","status":"PASS","detail":0}
H2_PAL_AUDIO_REPLAY {"id":"track-close","status":"PASS","detail":0}
H2_PAL_AUDIO_REPLAY {"id":"speaker-stop","status":"PASS","detail":0}
H2_PAL_AUDIO_REPLAY {"id":"resource-churn","status":"PASS","detail":0}
H2_PAL_AUDIO_REPLAY {"id":"stability","status":"PASS","detail":0}
H2_PAL_AUDIO_REPLAY {"id":"cleanup","status":"PASS","detail":0}
H2_PAL_AUDIO_SUMMARY {"platform":"bk7258","passed":24,"failed":0,"blocked":0,"mic_frames":1497,"mic_peak":2386,"mic_energy":20857545,"speaker_frames":1499,"output_peak":1120,"stability_elapsed_ms":30008,"rc":0,"confirm":0}
H2_PAL_AUDIO_REPLAY {"id":"wrapper-arguments","status":"PASS","detail":0}
H2_PAL_AUDIO_REPLAY {"id":"info","status":"PASS","detail":0}
H2_PAL_AUDIO_REPLAY {"id":"mic-stopped-read","status":"PASS","detail":0}
H2_PAL_AUDIO_REPLAY {"id":"mic-gain-bounds","status":"PASS","detail":0}
H2_PAL_AUDIO_REPLAY {"id":"mic-gain-roundtrip","status":"PASS","detail":0}
H2_PAL_AUDIO_REPLAY {"id":"speaker-volume-bounds","status":"PASS","detail":0}
H2_PAL_AUDIO_REPLAY {"id":"speaker-volume-roundtrip","status":"PASS","detail":0}
H2_PAL_AUDIO_REPLAY {"id":"track-format-bounds","status":"PASS","detail":0}
H2_PAL_AUDIO_REPLAY {"id":"speaker-start","status":"PASS","detail":0}
H2_PAL_AUDIO_REPLAY {"id":"track-create","status":"PASS","detail":0}
H2_PAL_AUDIO_REPLAY {"id":"track-volume-bounds","status":"PASS","detail":0}
H2_PAL_AUDIO_REPLAY {"id":"track-volume-roundtrip","status":"PASS","detail":0}
H2_PAL_AUDIO_REPLAY {"id":"track-write-bounds","status":"PASS","detail":0}
H2_PAL_AUDIO_REPLAY {"id":"track-write","status":"PASS","detail":0}
H2_PAL_AUDIO_REPLAY {"id":"track-drain","status":"PASS","detail":0}
H2_PAL_AUDIO_REPLAY {"id":"mic-start","status":"PASS","detail":0}
H2_PAL_AUDIO_REPLAY {"id":"mic-read","status":"PASS","detail":0}
H2_PAL_AUDIO_REPLAY {"id":"mic-gain-live","status":"PASS","detail":0}
H2_PAL_AUDIO_REPLAY {"id":"mic-stop","status":"PASS","detail":0}
H2_PAL_AUDIO_REPLAY {"id":"track-close","status":"PASS","detail":0}
H2_PAL_AUDIO_REPLAY {"id":"speaker-stop","status":"PASS","detail":0}
H2_PAL_AUDIO_REPLAY {"id":"resource-churn","status":"PASS","detail":0}
H2_PAL_AUDIO_REPLAY {"id":"stability","status":"PASS","detail":0}
H2_PAL_AUDIO_REPLAY {"id":"cleanup","status":"PASS","detail":0}
H2_PAL_AUDIO_SUMMARY {"platform":"bk7258","passed":24,"failed":0,"blocked":0,"mic_frames":1497,"mic_peak":2386,"mic_energy":20857545,"speaker_frames":1499,"output_peak":1120,"stability_elapsed_ms":30008,"rc":0,"confirm":0}
H2_PAL_AUDIO_REPLAY {"id":"wrapper-arguments","status":"PASS","detail":0}
H2_PAL_AUDIO_REPLAY {"id":"info","status":"PASS","detail":0}
H2_PAL_AUDIO_REPLAY {"id":"mic-stopped-read","status":"PASS","detail":0}
H2_PAL_AUDIO_REPLAY {"id":"mic-gain-bounds","status":"PASS","detail":0}
H2_PAL_AUDIO_REPLAY {"id":"mic-gain-roundtrip","status":"PASS","detail":0}
H2_PAL_AUDIO_REPLAY {"id":"speaker-volume-bounds","status":"PASS","detail":0}
H2_PAL_AUDIO_REPLAY {"id":"speaker-volume-roundtrip","status":"PASS","detail":0}
H2_PAL_AUDIO_REPLAY {"id":"track-format-bounds","status":"PASS","detail":0}
H2_PAL_AUDIO_REPLAY {"id":"speaker-start","status":"PASS","detail":0}
H2_PAL_AUDIO_REPLAY {"id":"track-create","status":"PASS","detail":0}
H2_PAL_AUDIO_REPLAY {"id":"track-volume-bounds","status":"PASS","detail":0}
H2_PAL_AUDIO_REPLAY {"id":"track-volume-roundtrip","status":"PASS","detail":0}
H2_PAL_AUDIO_REPLAY {"id":"track-write-bounds","status":"PASS","detail":0}
H2_PAL_AUDIO_REPLAY {"id":"track-write","status":"PASS","detail":0}
H2_PAL_AUDIO_REPLAY {"id":"track-drain","status":"PASS","detail":0}
H2_PAL_AUDIO_REPLAY {"id":"mic-start","status":"PASS","detail":0}
H2_PAL_AUDIO_REPLAY {"id":"mic-read","status":"PASS","detail":0}
H2_PAL_AUDIO_REPLAY {"id":"mic-gain-live","status":"PASS","detail":0}
H2_PAL_AUDIO_REPLAY {"id":"mic-stop","status":"PASS","detail":0}
H2_PAL_AUDIO_REPLAY {"id":"track-close","status":"PASS","detail":0}
H2_PAL_AUDIO_REPLAY {"id":"speaker-stop","status":"PASS","detail":0}
H2_PAL_AUDIO_REPLAY {"id":"resource-churn","status":"PASS","detail":0}
H2_PAL_AUDIO_REPLAY {"id":"stability","status":"PASS","detail":0}
H2_PAL_AUDIO_REPLAY {"id":"cleanup","status":"PASS","detail":0}
H2_PAL_AUDIO_SUMMARY {"platform":"bk7258","passed":24,"failed":0,"blocked":0,"mic_frames":1497,"mic_peak":2386,"mic_energy":20857545,"speaker_frames":1499,"output_peak":1120,"stability_elapsed_ms":30008,"rc":0,"confirm":0}
